capital 1 mlx_bf16 35.95
capital 1 ane_lut6_ar 18.22
capital 1 ane_lut6_sd 29.18
fibonacci 1 mlx_bf16 34.36
fibonacci 1 ane_lut6_ar 16.84
fibonacci 1 ane_lut6_sd 29.39
math 1 mlx_bf16 33.1
math 1 ane_lut6_ar 17.9
math 1 ane_lut6_sd 26.62
story 1 mlx_bf16 32.46
story 1 ane_lut6_ar 16.36
story 1 ane_lut6_sd 21.13
capital 2 ane_lut6_sd 29.34
capital 2 ane_lut6_ar 17.55
capital 2 mlx_bf16 35.62
fibonacci 2 ane_lut6_sd 30.73
fibonacci 2 ane_lut6_ar 17.71
fibonacci 2 mlx_bf16 35.73
math 2 ane_lut6_sd 27.32
math 2 ane_lut6_ar 18.15
math 2 mlx_bf16 35.1
story 2 ane_lut6_sd 21.96
story 2 ane_lut6_ar 18.03
story 2 mlx_bf16 35.46
