capital 1 mlx_bf16 35.52
capital 1 ane_lut6_ar 29.44
capital 1 ane_lut6_sd 46.46
fibonacci 1 mlx_bf16 34.69
fibonacci 1 ane_lut6_ar 30.91
fibonacci 1 ane_lut6_sd 41.09
math 1 mlx_bf16 34.44
math 1 ane_lut6_ar 28.9
math 1 ane_lut6_sd 44.85
story 1 mlx_bf16 35.62
story 1 ane_lut6_ar 28.67
story 1 ane_lut6_sd 33.62
capital 2 ane_lut6_sd 49.11
capital 2 ane_lut6_ar 30.44
capital 2 mlx_bf16 36.21
fibonacci 2 ane_lut6_sd 49.93
fibonacci 2 ane_lut6_ar 31.04
fibonacci 2 mlx_bf16 35.31
math 2 ane_lut6_sd 42.93
math 2 ane_lut6_ar 30.43
math 2 mlx_bf16 34.9
story 2 ane_lut6_sd 35.3
story 2 ane_lut6_ar 32.03
story 2 mlx_bf16 34.89
