capital 1 mlx_bf16 34.51
capital 1 ane_lut6_ar 38.89
capital 1 ane_lut6_sd 46.13
fibonacci 1 mlx_bf16 33.32
fibonacci 1 ane_lut6_ar 33.78
fibonacci 1 ane_lut6_sd 41.1
math 1 mlx_bf16 35.36
math 1 ane_lut6_ar 27.82
math 1 ane_lut6_sd 40.27
story 1 mlx_bf16 35.93
story 1 ane_lut6_ar 25.69
story 1 ane_lut6_sd 32.59
capital 2 ane_lut6_sd 44.4
capital 2 ane_lut6_ar 34.34
capital 2 mlx_bf16 36.23
fibonacci 2 ane_lut6_sd 40.97
fibonacci 2 ane_lut6_ar 33.27
fibonacci 2 mlx_bf16 34.5
math 2 ane_lut6_sd 42.14
math 2 ane_lut6_ar 27.17
math 2 mlx_bf16 35.64
story 2 ane_lut6_sd 28.43
story 2 ane_lut6_ar 23.95
story 2 mlx_bf16 36.01
