capital 1 mlx_bf16 35.88
capital 1 ane_lut6_ar 27.35
capital 1 ane_lut6_sd 53.37
fibonacci 1 mlx_bf16 34.5
fibonacci 1 ane_lut6_ar 28.66
fibonacci 1 ane_lut6_sd 60.18
math 1 mlx_bf16 35.1
math 1 ane_lut6_ar 29.54
math 1 ane_lut6_sd 55.91
story 1 mlx_bf16 35.62
story 1 ane_lut6_ar 28.57
story 1 ane_lut6_sd 44.63
capital 2 ane_lut6_sd 58.08
capital 2 ane_lut6_ar 33.39
capital 2 mlx_bf16 35.05
fibonacci 2 ane_lut6_sd 62.86
fibonacci 2 ane_lut6_ar 27.8
fibonacci 2 mlx_bf16 34.37
math 2 ane_lut6_sd 52.87
math 2 ane_lut6_ar 29.85
math 2 mlx_bf16 34.32
story 2 ane_lut6_sd 42.64
story 2 ane_lut6_ar 30.66
story 2 mlx_bf16 35.52
