capital 1 mlx_bf16 35.77
capital 1 ane_lut6_ar 39.78
capital 1 ane_lut6_sd 61.38
fibonacci 1 mlx_bf16 33.7
fibonacci 1 ane_lut6_ar 30.44
fibonacci 1 ane_lut6_sd 61.99
math 1 mlx_bf16 34.33
math 1 ane_lut6_ar 28.0
math 1 ane_lut6_sd 53.89
story 1 mlx_bf16 35.81
story 1 ane_lut6_ar 30.38
story 1 ane_lut6_sd 44.81
capital 2 ane_lut6_sd 59.39
capital 2 ane_lut6_ar 30.26
capital 2 mlx_bf16 35.96
fibonacci 2 ane_lut6_sd 59.8
fibonacci 2 ane_lut6_ar 29.06
fibonacci 2 mlx_bf16 34.51
math 2 ane_lut6_sd 51.94
math 2 ane_lut6_ar 34.29
math 2 mlx_bf16 35.15
story 2 ane_lut6_sd 42.97
story 2 ane_lut6_ar 30.24
story 2 mlx_bf16 35.46
