capital 1 mlx_bf16 36.01
capital 1 ane_lut6_ar 30.83
capital 1 ane_lut6_sd 46.69
fibonacci 1 mlx_bf16 35.17
fibonacci 1 ane_lut6_ar 30.24
fibonacci 1 ane_lut6_sd 46.19
math 1 mlx_bf16 36.01
math 1 ane_lut6_ar 28.82
math 1 ane_lut6_sd 47.28
story 1 mlx_bf16 35.79
story 1 ane_lut6_ar 28.91
story 1 ane_lut6_sd 32.74
capital 2 ane_lut6_sd 42.97
capital 2 ane_lut6_ar 31.6
capital 2 mlx_bf16 35.55
fibonacci 2 ane_lut6_sd 45.79
fibonacci 2 ane_lut6_ar 29.39
fibonacci 2 mlx_bf16 35.78
math 2 ane_lut6_sd 42.23
math 2 ane_lut6_ar 29.03
math 2 mlx_bf16 35.61
story 2 ane_lut6_sd 31.78
story 2 ane_lut6_ar 28.24
story 2 mlx_bf16 35.28
