capital 1 mlx_bf16 35.56
capital 1 ane_lut6_ar 30.92
capital 1 ane_lut6_sd 47.32
fibonacci 1 mlx_bf16 34.55
fibonacci 1 ane_lut6_ar 29.77
fibonacci 1 ane_lut6_sd 58.0
math 1 mlx_bf16 34.54
math 1 ane_lut6_ar 30.19
math 1 ane_lut6_sd 41.09
story 1 mlx_bf16 35.48
story 1 ane_lut6_ar 29.98
story 1 ane_lut6_sd 47.2
capital 2 ane_lut6_sd 61.31
capital 2 ane_lut6_ar 50.4
capital 2 mlx_bf16 32.27
fibonacci 2 ane_lut6_sd 59.19
fibonacci 2 ane_lut6_ar 49.17
fibonacci 2 mlx_bf16 34.29
math 2 ane_lut6_sd 61.83
math 2 ane_lut6_ar 50.08
math 2 mlx_bf16 31.99
story 2 ane_lut6_sd 54.27
story 2 ane_lut6_ar 50.88
story 2 mlx_bf16 27.98
