[wait] another workload holds ane.lock
capital 1 mlx_bf16 36.03
capital 1 ane_lut6_ar 51.72
capital 1 ane_lut6_sd 64.69
fibonacci 1 mlx_bf16 34.71
fibonacci 1 ane_lut6_ar 51.57
fibonacci 1 ane_lut6_sd 68.54
math 1 mlx_bf16 34.82
math 1 ane_lut6_ar 51.59
math 1 ane_lut6_sd 61.1
story 1 mlx_bf16 35.14
story 1 ane_lut6_ar 51.73
story 1 ane_lut6_sd 50.33
capital 2 ane_lut6_sd 64.72
capital 2 ane_lut6_ar 51.92
capital 2 mlx_bf16 35.88
fibonacci 2 ane_lut6_sd 68.25
fibonacci 2 ane_lut6_ar 51.44
fibonacci 2 mlx_bf16 34.77
math 2 ane_lut6_sd 60.68
math 2 ane_lut6_ar 51.61
math 2 mlx_bf16 35.23
story 2 ane_lut6_sd 50.18
story 2 ane_lut6_ar 51.82
story 2 mlx_bf16 35.28
