capital 1 mlx_bf16 35.07
capital 1 ane_lut6_ar 32.57
capital 1 ane_lut6_sd 55.95
fibonacci 1 mlx_bf16 32.87
fibonacci 1 ane_lut6_ar 31.21
fibonacci 1 ane_lut6_sd 63.32
math 1 mlx_bf16 33.25
math 1 ane_lut6_ar 37.72
math 1 ane_lut6_sd 54.53
story 1 mlx_bf16 30.23
story 1 ane_lut6_ar 40.99
story 1 ane_lut6_sd 44.86
capital 2 ane_lut6_sd 60.86
capital 2 ane_lut6_ar 34.95
capital 2 mlx_bf16 35.34
fibonacci 2 ane_lut6_sd 63.6
fibonacci 2 ane_lut6_ar 29.23
fibonacci 2 mlx_bf16 34.97
math 2 ane_lut6_sd 55.27
math 2 ane_lut6_ar 33.38
math 2 mlx_bf16 35.5
story 2 ane_lut6_sd 45.75
story 2 ane_lut6_ar 36.28
story 2 mlx_bf16 35.74
