capital 1 mlx_bf16 35.03
capital 1 ane_lut6_ar 51.47
capital 1 ane_lut6_sd 72.55
fibonacci 1 mlx_bf16 33.97
fibonacci 1 ane_lut6_ar 51.42
fibonacci 1 ane_lut6_sd 75.46
math 1 mlx_bf16 34.98
math 1 ane_lut6_ar 51.66
math 1 ane_lut6_sd 67.16
story 1 mlx_bf16 34.95
story 1 ane_lut6_ar 51.53
story 1 ane_lut6_sd 55.04
capital 2 ane_lut6_sd 71.85
capital 2 ane_lut6_ar 51.66
capital 2 mlx_bf16 34.99
fibonacci 2 ane_lut6_sd 75.23
fibonacci 2 ane_lut6_ar 51.57
fibonacci 2 mlx_bf16 34.03
math 2 ane_lut6_sd 67.66
math 2 ane_lut6_ar 51.63
math 2 mlx_bf16 26.87
story 2 ane_lut6_sd 29.25
story 2 ane_lut6_ar 28.14
story 2 mlx_bf16 17.49
capital 3 mlx_bf16 17.68
capital 3 ane_lut6_ar 26.74
capital 3 ane_lut6_sd 37.62
fibonacci 3 mlx_bf16 17.1
fibonacci 3 ane_lut6_ar 28.01
fibonacci 3 ane_lut6_sd 39.21
math 3 mlx_bf16 17.01
math 3 ane_lut6_ar 28.04
math 3 ane_lut6_sd 33.13
story 3 mlx_bf16 17.49
story 3 ane_lut6_ar 27.29
story 3 ane_lut6_sd 28.81
capital 4 ane_lut6_sd 37.38
capital 4 ane_lut6_ar 28.1
capital 4 mlx_bf16 33.54
fibonacci 4 ane_lut6_sd 73.84
fibonacci 4 ane_lut6_ar 51.7
fibonacci 4 mlx_bf16 34.27
math 4 ane_lut6_sd 65.62
math 4 ane_lut6_ar 51.66
math 4 mlx_bf16 34.4
story 4 ane_lut6_sd 56.68
story 4 ane_lut6_ar 29.16
story 4 mlx_bf16 17.57
