capital 1 mlx_bf16 34.96
capital 1 ane_lut6_ar 29.22
capital 1 ane_lut6_sd 53.0
fibonacci 1 mlx_bf16 34.22
fibonacci 1 ane_lut6_ar 27.31
fibonacci 1 ane_lut6_sd 58.63
math 1 mlx_bf16 34.66
math 1 ane_lut6_ar 27.21
math 1 ane_lut6_sd 54.39
story 1 mlx_bf16 35.7
story 1 ane_lut6_ar 28.32
story 1 ane_lut6_sd 40.36
capital 2 ane_lut6_sd 55.38
capital 2 ane_lut6_ar 27.47
capital 2 mlx_bf16 35.28
fibonacci 2 ane_lut6_sd 60.42
fibonacci 2 ane_lut6_ar 31.17
fibonacci 2 mlx_bf16 34.47
math 2 ane_lut6_sd 53.98
math 2 ane_lut6_ar 29.72
math 2 mlx_bf16 34.87
story 2 ane_lut6_sd 43.19
story 2 ane_lut6_ar 29.08
story 2 mlx_bf16 35.4
