capital 1 mlx_bf16 36.98
capital 1 ane_lut6_ar 52.06
capital 1 ane_lut6_sd 65.17
fibonacci 1 mlx_bf16 36.02
fibonacci 1 ane_lut6_ar 51.93
fibonacci 1 ane_lut6_sd 69.03
math 1 mlx_bf16 36.2
math 1 ane_lut6_ar 51.9
math 1 ane_lut6_sd 61.46
story 1 mlx_bf16 36.46
story 1 ane_lut6_ar 51.97
story 1 ane_lut6_sd 50.6
capital 2 ane_lut6_sd 64.91
capital 2 ane_lut6_ar 51.99
capital 2 mlx_bf16 36.59
fibonacci 2 ane_lut6_sd 69.09
fibonacci 2 ane_lut6_ar 51.99
fibonacci 2 mlx_bf16 35.44
math 2 ane_lut6_sd 61.4
math 2 ane_lut6_ar 52.03
math 2 mlx_bf16 36.11
story 2 ane_lut6_sd 50.34
story 2 ane_lut6_ar 51.92
story 2 mlx_bf16 36.27
capital 3 mlx_bf16 36.23
capital 3 ane_lut6_ar 51.82
capital 3 ane_lut6_sd 63.66
fibonacci 3 mlx_bf16 35.52
fibonacci 3 ane_lut6_ar 52.1
fibonacci 3 ane_lut6_sd 68.68
math 3 mlx_bf16 36.04
math 3 ane_lut6_ar 51.93
math 3 ane_lut6_sd 61.39
story 3 mlx_bf16 36.5
story 3 ane_lut6_ar 51.88
story 3 ane_lut6_sd 50.58
capital 4 ane_lut6_sd 65.06
capital 4 ane_lut6_ar 51.72
capital 4 mlx_bf16 36.38
fibonacci 4 ane_lut6_sd 69.12
fibonacci 4 ane_lut6_ar 51.99
fibonacci 4 mlx_bf16 35.38
math 4 ane_lut6_sd 61.31
math 4 ane_lut6_ar 51.88
math 4 mlx_bf16 36.74
story 4 ane_lut6_sd 50.46
story 4 ane_lut6_ar 51.87
story 4 mlx_bf16 36.67
