capital 1 mlx_bf16 36.26
capital 1 ane_lut6_ar 28.73
capital 1 ane_lut6_sd 46.3
fibonacci 1 mlx_bf16 34.89
fibonacci 1 ane_lut6_ar 27.69
fibonacci 1 ane_lut6_sd 44.91
math 1 mlx_bf16 34.31
math 1 ane_lut6_ar 30.09
math 1 ane_lut6_sd 42.87
story 1 mlx_bf16 35.31
story 1 ane_lut6_ar 28.62
story 1 ane_lut6_sd 38.1
capital 2 ane_lut6_sd 56.7
capital 2 ane_lut6_ar 28.25
capital 2 mlx_bf16 35.75
fibonacci 2 ane_lut6_sd 50.95
fibonacci 2 ane_lut6_ar 29.0
fibonacci 2 mlx_bf16 35.04
math 2 ane_lut6_sd 42.77
math 2 ane_lut6_ar 28.78
math 2 mlx_bf16 34.87
story 2 ane_lut6_sd 33.6
story 2 ane_lut6_ar 28.59
story 2 mlx_bf16 35.48
