capital 1 mlx_bf16 34.74
capital 1 ane_lut6_ar 29.75
capital 1 ane_lut6_sd 54.23
fibonacci 1 mlx_bf16 34.34
fibonacci 1 ane_lut6_ar 30.31
fibonacci 1 ane_lut6_sd 47.91
math 1 mlx_bf16 34.02
math 1 ane_lut6_ar 34.51
math 1 ane_lut6_sd 46.36
story 1 mlx_bf16 34.81
story 1 ane_lut6_ar 30.26
story 1 ane_lut6_sd 34.88
capital 2 ane_lut6_sd 40.26
capital 2 ane_lut6_ar 33.73
capital 2 mlx_bf16 35.1
fibonacci 2 ane_lut6_sd 44.32
fibonacci 2 ane_lut6_ar 31.92
fibonacci 2 mlx_bf16 34.75
math 2 ane_lut6_sd 46.01
math 2 ane_lut6_ar 33.83
math 2 mlx_bf16 34.18
story 2 ane_lut6_sd 37.72
story 2 ane_lut6_ar 42.19
story 2 mlx_bf16 33.81
