[rtmod] DISPATCH kernel=32 count=2097152 gx=8192 gy=1 gz=1
[rtmod] DISPATCH kernel=32 count=8192 gx=32 gy=1 gz=1
[rtmod] EV-SIGNAL tid=678240 ev=0xaaab37634c30 val=1 st=0 host=0
[rtmod] SUBMIT-ENTER tid=678240
[rtmod] SUBMIT tid=678240 cv=1 waits=0 sigs=2 cmds=1
[rtmod] COMMIT-NOOP
[rtmod] EV-WAIT tid=678240 ev=0xaaab37634c30 val=1 cnt=0 resv=1
implicit
[mm-dbg] Matmul a shape=[8,1024,] strides=[1024,1,] aT=0 agap=1024 | b shape=[1024,2048,] strides=[1,1024,] bT=1 bgap=1024 | out shape=[8,2048,] dtype=bfloat16
[rtmod] DISPATCH kernel=26 count=16384 gx=128 gy=1 gz=1
[rtmod] EV-SIGNAL tid=678240 ev=0xaaab3770b3e0 val=1 st=0 host=0
[rtmod] SUBMIT-ENTER tid=678240
[rtmod] SUBMIT tid=678240 cv=2 waits=1 sigs=2 cmds=1
[rtmod] COMMIT-NOOP
[rtmod] EV-WAIT tid=678240 ev=0xaaab3770b3e0 val=1 cnt=0 resv=2
(8, 1, 2048)
broadcast
[mm-dbg] Matmul a shape=[8,1,1024,] strides=[1024,1,1,] aT=0 agap=1 | b shape=[8,1024,2048,] strides=[0,1,1024,] bT=1 bgap=1024 | out shape=[8,1,2048,] dtype=bfloat16
[rtmod] DISPATCH kernel=29 count=16384 gx=512 gy=1 gz=8
[rtmod] EV-SIGNAL tid=678240 ev=0xaaab37634c30 val=1 st=0 host=0
[rtmod] SUBMIT-ENTER tid=678240
[rtmod] SUBMIT tid=678240 cv=3 waits=1 sigs=2 cmds=1
[rtmod] COMMIT-NOOP
[rtmod] EV-WAIT tid=678240 ev=0xaaab37634c30 val=1 cnt=0 resv=3
(8, 1, 2048)
[rtmod] COMMIT-NOOP
[rtmod] JOIN tid=678240 reason=explicit last=3
