target capital M=1 stock: 45.12 ms identity=True
target capital M=2 stock: 162.02 ms identity=True
target capital M=2 row-gemv: 65.19 ms identity=True
target capital M=2 pad32: 178.74 ms identity=True
target capital M=4 stock: 156.63 ms identity=True
target capital M=4 row-gemv: 100.21 ms identity=True
target capital M=4 pad32: 181.65 ms identity=True
target capital M=8 stock: 167.92 ms identity=True
target capital M=8 row-gemv: 174.31 ms identity=True
target capital M=8 pad32: 184.45 ms identity=True
target capital M=16 stock: 158.61 ms identity=True
target capital M=16 row-gemv: 292.32 ms identity=True
target capital M=16 pad32: 178.21 ms identity=True
target capital M=32 stock: 161.60 ms identity=False
linear capital q_proj stock: 0.780 ms bits=False
linear capital q_proj row-gemv: 0.976 ms bits=True
linear capital q_proj pad32: 0.682 ms bits=False
linear capital gate_proj stock: 0.908 ms bits=False
linear capital gate_proj row-gemv: 1.053 ms bits=True
linear capital gate_proj pad32: 0.947 ms bits=False
linear capital down_proj stock: 1.071 ms bits=False
linear capital down_proj row-gemv: 1.120 ms bits=True
linear capital down_proj pad32: 2.202 ms bits=False
linear capital lm_head stock: 30.606 ms bits=False
linear capital lm_head row-gemv: 41.622 ms bits=True
linear capital lm_head pad32: 21.592 ms bits=False
target fibonacci M=1 stock: 48.35 ms identity=True
target fibonacci M=2 stock: 165.83 ms identity=True
target fibonacci M=2 row-gemv: 68.00 ms identity=True
target fibonacci M=2 pad32: 182.80 ms identity=True
target fibonacci M=4 stock: 166.41 ms identity=True
target fibonacci M=4 row-gemv: 108.10 ms identity=True
target fibonacci M=4 pad32: 180.41 ms identity=True
target fibonacci M=8 stock: 159.06 ms identity=True
target fibonacci M=8 row-gemv: 174.73 ms identity=True
target fibonacci M=8 pad32: 175.56 ms identity=True
target fibonacci M=16 stock: 156.97 ms identity=True
target fibonacci M=16 row-gemv: 306.42 ms identity=True
target fibonacci M=16 pad32: 174.98 ms identity=True
target fibonacci M=32 stock: 168.17 ms identity=True
linear fibonacci q_proj stock: 0.688 ms bits=False
linear fibonacci q_proj row-gemv: 0.711 ms bits=True
linear fibonacci q_proj pad32: 0.693 ms bits=False
linear fibonacci gate_proj stock: 1.046 ms bits=False
linear fibonacci gate_proj row-gemv: 0.900 ms bits=True
linear fibonacci gate_proj pad32: 1.038 ms bits=False
linear fibonacci down_proj stock: 1.070 ms bits=False
linear fibonacci down_proj row-gemv: 1.182 ms bits=True
linear fibonacci down_proj pad32: 1.472 ms bits=False
linear fibonacci lm_head stock: 30.119 ms bits=False
linear fibonacci lm_head row-gemv: 41.957 ms bits=True
linear fibonacci lm_head pad32: 21.405 ms bits=False
target math M=1 stock: 48.37 ms identity=True
target math M=2 stock: 167.26 ms identity=True
target math M=2 row-gemv: 70.43 ms identity=True
target math M=2 pad32: 181.95 ms identity=True
target math M=4 stock: 161.41 ms identity=True
target math M=4 row-gemv: 102.86 ms identity=True
target math M=4 pad32: 176.28 ms identity=True
target math M=8 stock: 160.86 ms identity=True
target math M=8 row-gemv: 175.97 ms identity=True
target math M=8 pad32: 173.22 ms identity=True
target math M=16 stock: 163.85 ms identity=True
target math M=16 row-gemv: 313.12 ms identity=True
target math M=16 pad32: 175.04 ms identity=True
target math M=32 stock: 164.59 ms identity=True
linear math q_proj stock: 0.672 ms bits=False
linear math q_proj row-gemv: 0.704 ms bits=True
linear math q_proj pad32: 0.798 ms bits=False
linear math gate_proj stock: 0.988 ms bits=False
linear math gate_proj row-gemv: 0.967 ms bits=True
linear math gate_proj pad32: 0.798 ms bits=False
linear math down_proj stock: 0.933 ms bits=False
linear math down_proj row-gemv: 1.034 ms bits=True
linear math down_proj pad32: 1.481 ms bits=False
linear math lm_head stock: 30.921 ms bits=False
linear math lm_head row-gemv: 42.014 ms bits=True
linear math lm_head pad32: 21.878 ms bits=False
target story M=1 stock: 50.16 ms identity=True
target story M=2 stock: 169.22 ms identity=True
target story M=2 row-gemv: 65.69 ms identity=True
target story M=2 pad32: 184.05 ms identity=True
target story M=4 stock: 166.04 ms identity=True
target story M=4 row-gemv: 107.60 ms identity=True
target story M=4 pad32: 183.97 ms identity=True
target story M=8 stock: 166.94 ms identity=True
target story M=8 row-gemv: 178.47 ms identity=True
target story M=8 pad32: 185.23 ms identity=True
target story M=16 stock: 158.71 ms identity=True
target story M=16 row-gemv: 305.46 ms identity=True
target story M=16 pad32: 175.82 ms identity=True
target story M=32 stock: 164.42 ms identity=True
linear story q_proj stock: 0.821 ms bits=False
linear story q_proj row-gemv: 0.866 ms bits=True
linear story q_proj pad32: 0.817 ms bits=False
linear story gate_proj stock: 1.038 ms bits=False
linear story gate_proj row-gemv: 1.329 ms bits=True
linear story gate_proj pad32: 0.764 ms bits=False
linear story down_proj stock: 0.954 ms bits=False
linear story down_proj row-gemv: 1.243 ms bits=True
linear story down_proj pad32: 1.519 ms bits=False
linear story lm_head stock: 30.378 ms bits=False
linear story lm_head row-gemv: 42.541 ms bits=True
linear story lm_head pad32: 21.779 ms bits=False
