target capital M=1 stock: 46.55 ms identity=True
target capital M=2 stock: 166.82 ms identity=True
target capital M=2 row-gemv: 174.90 ms identity=True
target capital M=2 pad32: 178.34 ms identity=True
target capital M=4 stock: 168.33 ms identity=True
target capital M=4 row-gemv: 171.30 ms identity=True
target capital M=4 pad32: 191.16 ms identity=True
target capital M=8 stock: 161.65 ms identity=True
target capital M=8 row-gemv: 171.18 ms identity=True
target capital M=8 pad32: 176.49 ms identity=True
target capital M=16 stock: 161.63 ms identity=True
target capital M=16 row-gemv: 166.26 ms identity=True
target capital M=16 pad32: 180.12 ms identity=True
target capital M=32 stock: 163.68 ms identity=False
linear capital q_proj stock: 0.795 ms bits=False
linear capital q_proj row-gemv: 0.751 ms bits=False
linear capital q_proj pad32: 0.667 ms bits=False
linear capital gate_proj stock: 0.967 ms bits=False
linear capital gate_proj row-gemv: 0.931 ms bits=False
linear capital gate_proj pad32: 0.751 ms bits=False
linear capital down_proj stock: 1.046 ms bits=False
linear capital down_proj row-gemv: 1.169 ms bits=False
linear capital down_proj pad32: 1.476 ms bits=False
linear capital lm_head stock: 29.479 ms bits=False
linear capital lm_head row-gemv: 30.720 ms bits=False
linear capital lm_head pad32: 21.924 ms bits=False
target fibonacci M=1 stock: 46.94 ms identity=True
target fibonacci M=2 stock: 170.03 ms identity=True
target fibonacci M=2 row-gemv: 168.22 ms identity=True
target fibonacci M=2 pad32: 180.31 ms identity=True
target fibonacci M=4 stock: 161.65 ms identity=True
target fibonacci M=4 row-gemv: 170.39 ms identity=True
target fibonacci M=4 pad32: 178.74 ms identity=True
target fibonacci M=8 stock: 156.95 ms identity=True
target fibonacci M=8 row-gemv: 162.63 ms identity=True
target fibonacci M=8 pad32: 175.94 ms identity=True
target fibonacci M=16 stock: 154.92 ms identity=True
target fibonacci M=16 row-gemv: 149.91 ms identity=True
target fibonacci M=16 pad32: 178.09 ms identity=True
target fibonacci M=32 stock: 147.46 ms identity=True
linear fibonacci q_proj stock: 0.710 ms bits=False
linear fibonacci q_proj row-gemv: 0.667 ms bits=False
linear fibonacci q_proj pad32: 0.626 ms bits=False
linear fibonacci gate_proj stock: 0.812 ms bits=False
linear fibonacci gate_proj row-gemv: 0.844 ms bits=False
linear fibonacci gate_proj pad32: 0.695 ms bits=False
linear fibonacci down_proj stock: 0.855 ms bits=False
linear fibonacci down_proj row-gemv: 0.846 ms bits=False
linear fibonacci down_proj pad32: 1.373 ms bits=False
linear fibonacci lm_head stock: 29.581 ms bits=False
linear fibonacci lm_head row-gemv: 29.645 ms bits=False
linear fibonacci lm_head pad32: 22.311 ms bits=False
target math M=1 stock: 47.50 ms identity=True
target math M=2 stock: 161.27 ms identity=True
target math M=2 row-gemv: 170.70 ms identity=True
target math M=2 pad32: 181.86 ms identity=True
target math M=4 stock: 161.47 ms identity=True
target math M=4 row-gemv: 167.82 ms identity=True
target math M=4 pad32: 181.93 ms identity=True
target math M=8 stock: 161.08 ms identity=True
target math M=8 row-gemv: 166.15 ms identity=True
target math M=8 pad32: 175.09 ms identity=True
target math M=16 stock: 159.86 ms identity=True
target math M=16 row-gemv: 168.64 ms identity=True
target math M=16 pad32: 175.29 ms identity=True
target math M=32 stock: 161.72 ms identity=True
linear math q_proj stock: 1.103 ms bits=False
linear math q_proj row-gemv: 1.698 ms bits=False
linear math q_proj pad32: 0.645 ms bits=False
linear math gate_proj stock: 0.860 ms bits=False
linear math gate_proj row-gemv: 0.972 ms bits=False
linear math gate_proj pad32: 0.874 ms bits=False
linear math down_proj stock: 0.907 ms bits=False
linear math down_proj row-gemv: 4.284 ms bits=False
linear math down_proj pad32: 1.721 ms bits=False
linear math lm_head stock: 29.073 ms bits=False
linear math lm_head row-gemv: 29.398 ms bits=False
linear math lm_head pad32: 22.287 ms bits=False
target story M=1 stock: 48.30 ms identity=True
target story M=2 stock: 169.50 ms identity=True
target story M=2 row-gemv: 171.79 ms identity=True
target story M=2 pad32: 180.41 ms identity=True
target story M=4 stock: 156.61 ms identity=True
target story M=4 row-gemv: 169.27 ms identity=True
target story M=4 pad32: 180.95 ms identity=True
target story M=8 stock: 167.04 ms identity=True
target story M=8 row-gemv: 166.48 ms identity=True
target story M=8 pad32: 184.98 ms identity=True
target story M=16 stock: 160.01 ms identity=True
target story M=16 row-gemv: 167.73 ms identity=True
target story M=16 pad32: 177.42 ms identity=True
target story M=32 stock: 162.85 ms identity=True
linear story q_proj stock: 0.730 ms bits=False
linear story q_proj row-gemv: 0.750 ms bits=False
linear story q_proj pad32: 0.619 ms bits=False
linear story gate_proj stock: 0.890 ms bits=False
linear story gate_proj row-gemv: 0.972 ms bits=False
linear story gate_proj pad32: 0.803 ms bits=False
linear story down_proj stock: 0.972 ms bits=False
linear story down_proj row-gemv: 0.948 ms bits=False
linear story down_proj pad32: 1.353 ms bits=False
linear story lm_head stock: 29.396 ms bits=False
linear story lm_head row-gemv: 29.473 ms bits=False
linear story lm_head pad32: 22.022 ms bits=False
